212.47.128.176 - - [22/Nov/2025:18:27:36 +0000] "POST //api/auth/login HTTP/1.1" 404 155 "-" "Mozilla/5.0 (Windows NT 10.0; Win64; x64) AppleWebKit/537.36 (KHTML, like Gecko) Chrome/142.0.0.0 Safari/537.36"
188.132.136.172 - - [22/Nov/2025:18:27:39 +0000] "GET //api/auth/me HTTP/1.1" 404 151 "-" "Mozilla/5.0 (Linux; Android 10; K) AppleWebKit/537.36 (KHTML, like Gecko) Chrome/142.0.0.0 Mobile Safari/537.36"
188.132.136.172 - - [22/Nov/2025:18:27:40 +0000] "POST //api/logger/get HTTP/1.1" 404 155 "http://localhost:5173/" "Mozilla/5.0 (Windows NT 10.0; Win64; x64) AppleWebKit/537.36 (KHTML, like Gecko) Chrome/142.0.0.0 Safari/537.36"
212.47.128.176 - - [22/Nov/2025:18:27:43 +0000] "POST //api/auth/register HTTP/1.1" 404 158 "-" "Mozilla/5.0 (Windows NT 10.0; Win64; x64) AppleWebKit/537.36 (KHTML, like Gecko) Chrome/142.0.0.0 Safari/537.36"
212.47.128.176 - - [22/Nov/2025:18:27:49 +0000] "POST //api/auth/register HTTP/1.1" 404 158 "-" "Mozilla/5.0 (Windows NT 10.0; Win64; x64) AppleWebKit/537.36 (KHTML, like Gecko) Chrome/142.0.0.0 Safari/537.36"
212.47.128.176 - - [22/Nov/2025:18:27:51 +0000] "POST //api/auth/register HTTP/1.1" 404 158 "-" "Mozilla/5.0 (Windows NT 10.0; Win64; x64) AppleWebKit/537.36 (KHTML, like Gecko) Chrome/142.0.0.0 Safari/537.36"
188.132.136.172 - - [22/Nov/2025:18:28:10 +0000] "POST //api/logger/get HTTP/1.1" 404 155 "http://localhost:5173/" "Mozilla/5.0 (Windows NT 10.0; Win64; x64) AppleWebKit/537.36 (KHTML, like Gecko) Chrome/142.0.0.0 Safari/537.36"
188.132.136.172 - - [22/Nov/2025:18:28:39 +0000] "POST //api/logger/get HTTP/1.1" 404 155 "http://localhost:5173/" "Mozilla/5.0 (Windows NT 10.0; Win64; x64) AppleWebKit/537.36 (KHTML, like Gecko) Chrome/142.0.0.0 Safari/537.36"
188.132.136.172 - - [22/Nov/2025:18:29:10 +0000] "POST //api/logger/get HTTP/1.1" 404 155 "http://localhost:5173/" "Mozilla/5.0 (Windows NT 10.0; Win64; x64) AppleWebKit/537.36 (KHTML, like Gecko) Chrome/142.0.0.0 Safari/537.36"
188.132.136.172 - - [22/Nov/2025:18:29:40 +0000] "POST //api/logger/get HTTP/1.1" 404 155 "http://localhost:5173/" "Mozilla/5.0 (Windows NT 10.0; Win64; x64) AppleWebKit/537.36 (KHTML, like Gecko) Chrome/142.0.0.0 Safari/537.36"
188.132.136.172 - - [22/Nov/2025:18:29:52 +0000] "POST //api/auth/register HTTP/1.1" 404 158 "-" "Mozilla/5.0 (Linux; Android 10; K) AppleWebKit/537.36 (KHTML, like Gecko) Chrome/142.0.0.0 Mobile Safari/537.36"
212.47.128.176 - - [22/Nov/2025:18:29:59 +0000] "GET //api/auth/me HTTP/1.1" 404 151 "-" "Mozilla/5.0 (Windows NT 10.0; Win64; x64) AppleWebKit/537.36 (KHTML, like Gecko) Chrome/142.0.0.0 Safari/537.36"
188.132.136.172 - - [22/Nov/2025:18:30:09 +0000] "GET //api/auth/me HTTP/1.1" 404 151 "-" "Mozilla/5.0 (Windows NT 10.0; Win64; x64) AppleWebKit/537.36 (KHTML, like Gecko) Chrome/142.0.0.0 Safari/537.36"
188.132.136.172 - - [22/Nov/2025:18:30:09 +0000] "POST //api/logger/get HTTP/1.1" 404 155 "http://localhost:5173/" "Mozilla/5.0 (Windows NT 10.0; Win64; x64) AppleWebKit/537.36 (KHTML, like Gecko) Chrome/142.0.0.0 Safari/537.36"
212.47.128.176 - - [22/Nov/2025:18:30:13 +0000] "POST //api/auth/login HTTP/1.1" 404 155 "-" "Mozilla/5.0 (Windows NT 10.0; Win64; x64) AppleWebKit/537.36 (KHTML, like Gecko) Chrome/142.0.0.0 Safari/537.36"
188.132.136.172 - - [22/Nov/2025:18:30:21 +0000] "POST //api/auth/login HTTP/1.1" 404 155 "-" "Mozilla/5.0 (Windows NT 10.0; Win64; x64) AppleWebKit/537.36 (KHTML, like Gecko) Chrome/142.0.0.0 Safari/537.36"
188.132.136.172 - - [22/Nov/2025:18:30:25 +0000] "POST //api/auth/login HTTP/1.1" 404 155 "-" "Mozilla/5.0 (Windows NT 10.0; Win64; x64) AppleWebKit/537.36 (KHTML, like Gecko) Chrome/142.0.0.0 Safari/537.36"
188.132.136.172 - - [22/Nov/2025:18:30:29 +0000] "GET //api/auth/login HTTP/1.1" 404 154 "-" "Mozilla/5.0 (Windows NT 10.0; Win64; x64) AppleWebKit/537.36 (KHTML, like Gecko) Chrome/142.0.0.0 Safari/537.36"
188.132.136.172 - - [22/Nov/2025:18:30:40 +0000] "POST //api/logger/get HTTP/1.1" 404 155 "http://localhost:5173/" "Mozilla/5.0 (Windows NT 10.0; Win64; x64) AppleWebKit/537.36 (KHTML, like Gecko) Chrome/142.0.0.0 Safari/537.36"
188.132.136.172 - - [22/Nov/2025:18:30:41 +0000] "POST /api/logger/get HTTP/1.1" 401 32 "http://localhost:5173/" "Mozilla/5.0 (Windows NT 10.0; Win64; x64) AppleWebKit/537.36 (KHTML, like Gecko) Chrome/142.0.0.0 Safari/537.36"
188.132.136.172 - - [22/Nov/2025:18:30:44 +0000] "POST /api/auth/register HTTP/1.1" 400 39 "-" "Mozilla/5.0 (Linux; Android 10; K) AppleWebKit/537.36 (KHTML, like Gecko) Chrome/142.0.0.0 Mobile Safari/537.36"
188.132.136.172 - - [22/Nov/2025:18:31:04 +0000] "POST /api/auth/register HTTP/1.1" 500 33 "-" "Mozilla/5.0 (Linux; Android 10; K) AppleWebKit/537.36 (KHTML, like Gecko) Chrome/142.0.0.0 Mobile Safari/537.36"
188.132.136.172 - - [22/Nov/2025:18:31:06 +0000] "POST /api/auth/register HTTP/1.1" 400 39 "-" "Mozilla/5.0 (Linux; Android 10; K) AppleWebKit/537.36 (KHTML, like Gecko) Chrome/142.0.0.0 Mobile Safari/537.36"
188.132.136.172 - - [22/Nov/2025:18:31:08 +0000] "POST /api/auth/register HTTP/1.1" 400 39 "-" "Mozilla/5.0 (Linux; Android 10; K) AppleWebKit/537.36 (KHTML, like Gecko) Chrome/142.0.0.0 Mobile Safari/537.36"
188.132.136.172 - - [22/Nov/2025:18:31:11 +0000] "POST /api/logger/get HTTP/1.1" 401 32 "http://localhost:5173/" "Mozilla/5.0 (Windows NT 10.0; Win64; x64) AppleWebKit/537.36 (KHTML, like Gecko) Chrome/142.0.0.0 Safari/537.36"
188.132.136.172 - - [22/Nov/2025:18:31:13 +0000] "POST /api/auth/login HTTP/1.1" 200 117 "-" "Mozilla/5.0 (Linux; Android 10; K) AppleWebKit/537.36 (KHTML, like Gecko) Chrome/142.0.0.0 Mobile Safari/537.36"
212.47.128.176 - - [22/Nov/2025:18:31:17 +0000] "POST /api/auth/register HTTP/1.1" 500 33 "-" "Mozilla/5.0 (Windows NT 10.0; Win64; x64) AppleWebKit/537.36 (KHTML, like Gecko) Chrome/142.0.0.0 Safari/537.36"
188.132.136.172 - - [22/Nov/2025:18:31:18 +0000] "GET /api/auth/me HTTP/1.1" 200 322 "-" "Mozilla/5.0 (Linux; Android 10; K) AppleWebKit/537.36 (KHTML, like Gecko) Chrome/142.0.0.0 Mobile Safari/537.36"
212.47.128.176 - - [22/Nov/2025:18:31:25 +0000] "POST /api/auth/register HTTP/1.1" 400 39 "-" "Mozilla/5.0 (Windows NT 10.0; Win64; x64) AppleWebKit/537.36 (KHTML, like Gecko) Chrome/142.0.0.0 Safari/537.36"
212.47.128.176 - - [22/Nov/2025:18:31:30 +0000] "POST /api/auth/login HTTP/1.1" 200 115 "-" "Mozilla/5.0 (Windows NT 10.0; Win64; x64) AppleWebKit/537.36 (KHTML, like Gecko) Chrome/142.0.0.0 Safari/537.36"
188.132.136.172 - - [22/Nov/2025:18:31:34 +0000] "POST /api/logger/create HTTP/1.1" 200 100 "-" "Mozilla/5.0 (Linux; Android 10; K) AppleWebKit/537.36 (KHTML, like Gecko) Chrome/142.0.0.0 Mobile Safari/537.36"
212.47.128.176 - - [22/Nov/2025:18:31:42 +0000] "GET /api/auth/me HTTP/1.1" 200 318 "-" "Mozilla/5.0 (Windows NT 10.0; Win64; x64) AppleWebKit/537.36 (KHTML, like Gecko) Chrome/142.0.0.0 Safari/537.36"
188.132.136.172 - - [22/Nov/2025:18:31:43 +0000] "POST /api/logger/get HTTP/1.1" 401 32 "http://localhost:5173/" "Mozilla/5.0 (Windows NT 10.0; Win64; x64) AppleWebKit/537.36 (KHTML, like Gecko) Chrome/142.0.0.0 Safari/537.36"
212.47.128.176 - - [22/Nov/2025:18:31:57 +0000] "POST /api/logger/create HTTP/1.1" 200 100 "-" "Mozilla/5.0 (Windows NT 10.0; Win64; x64) AppleWebKit/537.36 (KHTML, like Gecko) Chrome/142.0.0.0 Safari/537.36"
188.132.136.172 - - [22/Nov/2025:18:32:12 +0000] "POST /api/logger/get HTTP/1.1" 401 32 "http://localhost:5173/" "Mozilla/5.0 (Windows NT 10.0; Win64; x64) AppleWebKit/537.36 (KHTML, like Gecko) Chrome/142.0.0.0 Safari/537.36"
188.132.136.172 - - [22/Nov/2025:18:32:40 +0000] "GET /api/auth/me HTTP/1.1" 304 - "-" "Mozilla/5.0 (Linux; Android 10; K) AppleWebKit/537.36 (KHTML, like Gecko) Chrome/142.0.0.0 Mobile Safari/537.36"
212.47.128.176 - - [22/Nov/2025:18:32:41 +0000] "GET /api/auth/me HTTP/1.1" 304 - "-" "Mozilla/5.0 (Windows NT 10.0; Win64; x64) AppleWebKit/537.36 (KHTML, like Gecko) Chrome/142.0.0.0 Safari/537.36"
193.108.117.34 - - [22/Nov/2025:18:32:41 +0000] "GET /api/auth/me HTTP/1.1" 401 28 "-" "Mozilla/5.0 (Linux; Android 10; K) AppleWebKit/537.36 (KHTML, like Gecko) SamsungBrowser/29.0 Chrome/136.0.0.0 Mobile Safari/537.36"
188.132.136.172 - - [22/Nov/2025:18:32:42 +0000] "POST /api/logger/get HTTP/1.1" 401 32 "http://localhost:5173/" "Mozilla/5.0 (Windows NT 10.0; Win64; x64) AppleWebKit/537.36 (KHTML, like Gecko) Chrome/142.0.0.0 Safari/537.36"
188.132.136.172 - - [22/Nov/2025:18:33:05 +0000] "POST /api/logger/get HTTP/1.1" 401 32 "-" "Mozilla/5.0 (Windows NT 10.0; Win64; x64) AppleWebKit/537.36 (KHTML, like Gecko) Chrome/142.0.0.0 Safari/537.36"
193.108.117.34 - - [22/Nov/2025:18:33:05 +0000] "POST /api/auth/register HTTP/1.1" 400 30 "-" "Mozilla/5.0 (Linux; Android 10; K) AppleWebKit/537.36 (KHTML, like Gecko) SamsungBrowser/29.0 Chrome/136.0.0.0 Mobile Safari/537.36"
212.47.128.176 - - [22/Nov/2025:18:33:07 +0000] "POST /api/logger/create HTTP/1.1" 200 100 "-" "Mozilla/5.0 (Windows NT 10.0; Win64; x64) AppleWebKit/537.36 (KHTML, like Gecko) Chrome/142.0.0.0 Safari/537.36"
193.108.117.34 - - [22/Nov/2025:18:33:12 +0000] "POST /api/auth/register HTTP/1.1" 400 30 "-" "Mozilla/5.0 (Linux; Android 10; K) AppleWebKit/537.36 (KHTML, like Gecko) SamsungBrowser/29.0 Chrome/136.0.0.0 Mobile Safari/537.36"
188.132.136.172 - - [22/Nov/2025:18:33:13 +0000] "POST /api/logger/get HTTP/1.1" 401 32 "http://localhost:5173/" "Mozilla/5.0 (Windows NT 10.0; Win64; x64) AppleWebKit/537.36 (KHTML, like Gecko) Chrome/142.0.0.0 Safari/537.36"
193.108.117.34 - - [22/Nov/2025:18:33:17 +0000] "POST /api/auth/register HTTP/1.1" 400 30 "-" "Mozilla/5.0 (Linux; Android 10; K) AppleWebKit/537.36 (KHTML, like Gecko) SamsungBrowser/29.0 Chrome/136.0.0.0 Mobile Safari/537.36"
193.108.117.34 - - [22/Nov/2025:18:33:24 +0000] "POST /api/auth/register HTTP/1.1" 400 30 "-" "Mozilla/5.0 (Linux; Android 10; K) AppleWebKit/537.36 (KHTML, like Gecko) SamsungBrowser/29.0 Chrome/136.0.0.0 Mobile Safari/537.36"
188.132.136.172 - - [22/Nov/2025:18:33:27 +0000] "POST /api/auth/login HTTP/1.1" 200 121 "-" "Mozilla/5.0 (Windows NT 10.0; Win64; x64) AppleWebKit/537.36 (KHTML, like Gecko) Chrome/142.0.0.0 Safari/537.36"
193.108.117.34 - - [22/Nov/2025:18:33:30 +0000] "POST /api/auth/register HTTP/1.1" 400 30 "-" "Mozilla/5.0 (Linux; Android 10; K) AppleWebKit/537.36 (KHTML, like Gecko) SamsungBrowser/29.0 Chrome/136.0.0.0 Mobile Safari/537.36"
188.132.136.172 - - [22/Nov/2025:18:33:31 +0000] "GET /api/auth/me HTTP/1.1" 200 1492 "-" "Mozilla/5.0 (Windows NT 10.0; Win64; x64) AppleWebKit/537.36 (KHTML, like Gecko) Chrome/142.0.0.0 Safari/537.36"
188.132.136.172 - - [22/Nov/2025:18:33:35 +0000] "POST /api/logger/get HTTP/1.1" 401 32 "-" "Mozilla/5.0 (Windows NT 10.0; Win64; x64) AppleWebKit/537.36 (KHTML, like Gecko) Chrome/142.0.0.0 Safari/537.36"
188.132.136.172 - - [22/Nov/2025:18:33:37 +0000] "POST /api/logger/create HTTP/1.1" 200 100 "-" "Mozilla/5.0 (Windows NT 10.0; Win64; x64) AppleWebKit/537.36 (KHTML, like Gecko) Chrome/142.0.0.0 Safari/537.36"
188.132.136.172 - - [22/Nov/2025:18:33:41 +0000] "POST /api/logger/get HTTP/1.1" 401 32 "http://localhost:5173/" "Mozilla/5.0 (Windows NT 10.0; Win64; x64) AppleWebKit/537.36 (KHTML, like Gecko) Chrome/142.0.0.0 Safari/537.36"
188.132.136.172 - - [22/Nov/2025:18:34:05 +0000] "POST /api/logger/get HTTP/1.1" 401 32 "-" "Mozilla/5.0 (Windows NT 10.0; Win64; x64) AppleWebKit/537.36 (KHTML, like Gecko) Chrome/142.0.0.0 Safari/537.36"
188.132.136.172 - - [22/Nov/2025:18:34:11 +0000] "POST /api/logger/get HTTP/1.1" 401 32 "http://localhost:5173/" "Mozilla/5.0 (Windows NT 10.0; Win64; x64) AppleWebKit/537.36 (KHTML, like Gecko) Chrome/142.0.0.0 Safari/537.36"
188.132.136.172 - - [22/Nov/2025:18:34:35 +0000] "POST /api/logger/get HTTP/1.1" 401 32 "-" "Mozilla/5.0 (Windows NT 10.0; Win64; x64) AppleWebKit/537.36 (KHTML, like Gecko) Chrome/142.0.0.0 Safari/537.36"
188.132.136.172 - - [22/Nov/2025:18:34:56 +0000] "GET /api/auth/me HTTP/1.1" 304 - "-" "Mozilla/5.0 (Windows NT 10.0; Win64; x64) AppleWebKit/537.36 (KHTML, like Gecko) Chrome/142.0.0.0 Safari/537.36"
188.132.136.172 - - [22/Nov/2025:18:34:58 +0000] "GET /api/auth/me HTTP/1.1" 200 1492 "-" "Mozilla/5.0 (Windows NT 10.0; Win64; x64) AppleWebKit/537.36 (KHTML, like Gecko) Chrome/142.0.0.0 Safari/537.36"
188.132.136.172 - - [22/Nov/2025:18:35:06 +0000] "POST /api/logger/get HTTP/1.1" 401 32 "-" "Mozilla/5.0 (Windows NT 10.0; Win64; x64) AppleWebKit/537.36 (KHTML, like Gecko) Chrome/142.0.0.0 Safari/537.36"
188.132.136.172 - - [22/Nov/2025:18:35:24 +0000] "POST /api/logger/get HTTP/1.1" 401 32 "http://localhost:5173/" "Mozilla/5.0 (Windows NT 10.0; Win64; x64) AppleWebKit/537.36 (KHTML, like Gecko) Chrome/142.0.0.0 Safari/537.36"
188.132.136.172 - - [22/Nov/2025:18:35:35 +0000] "POST /api/logger/get HTTP/1.1" 401 32 "-" "Mozilla/5.0 (Windows NT 10.0; Win64; x64) AppleWebKit/537.36 (KHTML, like Gecko) Chrome/142.0.0.0 Safari/537.36"
188.132.136.172 - - [22/Nov/2025:18:35:39 +0000] "GET /api/auth/me HTTP/1.1" 304 - "-" "Mozilla/5.0 (Windows NT 10.0; Win64; x64) AppleWebKit/537.36 (KHTML, like Gecko) Chrome/142.0.0.0 Safari/537.36"
188.132.136.172 - - [22/Nov/2025:18:35:41 +0000] "GET /api/auth/me HTTP/1.1" 200 1492 "-" "Mozilla/5.0 (Windows NT 10.0; Win64; x64) AppleWebKit/537.36 (KHTML, like Gecko) Chrome/142.0.0.0 Safari/537.36"
188.132.136.172 - - [22/Nov/2025:18:36:06 +0000] "POST /api/logger/get HTTP/1.1" 401 32 "-" "Mozilla/5.0 (Windows NT 10.0; Win64; x64) AppleWebKit/537.36 (KHTML, like Gecko) Chrome/142.0.0.0 Safari/537.36"
188.132.136.172 - - [22/Nov/2025:18:36:20 +0000] "GET /api/auth/me HTTP/1.1" 304 - "-" "Mozilla/5.0 (Windows NT 10.0; Win64; x64) AppleWebKit/537.36 (KHTML, like Gecko) Chrome/142.0.0.0 Safari/537.36"
188.132.136.172 - - [22/Nov/2025:18:36:24 +0000] "POST /api/logger/get HTTP/1.1" 401 32 "http://localhost:5173/" "Mozilla/5.0 (Windows NT 10.0; Win64; x64) AppleWebKit/537.36 (KHTML, like Gecko) Chrome/142.0.0.0 Safari/537.36"
188.132.136.172 - - [22/Nov/2025:18:36:28 +0000] "GET /api/auth/me HTTP/1.1" 200 1492 "-" "Mozilla/5.0 (Windows NT 10.0; Win64; x64) AppleWebKit/537.36 (KHTML, like Gecko) Chrome/142.0.0.0 Safari/537.36"
188.132.136.172 - - [22/Nov/2025:18:36:40 +0000] "GET /api/auth/me HTTP/1.1" 304 - "-" "Mozilla/5.0 (Windows NT 10.0; Win64; x64) AppleWebKit/537.36 (KHTML, like Gecko) Chrome/142.0.0.0 Safari/537.36"
188.132.136.172 - - [22/Nov/2025:18:37:02 +0000] "GET /api/auth/me HTTP/1.1" 304 - "-" "Mozilla/5.0 (Windows NT 10.0; Win64; x64) AppleWebKit/537.36 (KHTML, like Gecko) Chrome/142.0.0.0 Safari/537.36"
188.132.136.172 - - [22/Nov/2025:18:37:15 +0000] "GET /api/auth/me HTTP/1.1" 200 1492 "-" "Mozilla/5.0 (Windows NT 10.0; Win64; x64) AppleWebKit/537.36 (KHTML, like Gecko) Chrome/142.0.0.0 Safari/537.36"
188.132.136.172 - - [22/Nov/2025:18:37:20 +0000] "GET /api/auth/me HTTP/1.1" 304 - "-" "Mozilla/5.0 (Windows NT 10.0; Win64; x64) AppleWebKit/537.36 (KHTML, like Gecko) Chrome/142.0.0.0 Safari/537.36"
188.132.136.172 - - [22/Nov/2025:18:37:21 +0000] "GET /api/auth/me HTTP/1.1" 304 - "-" "Mozilla/5.0 (Windows NT 10.0; Win64; x64) AppleWebKit/537.36 (KHTML, like Gecko) Chrome/142.0.0.0 Safari/537.36"
188.132.136.172 - - [22/Nov/2025:18:37:22 +0000] "GET /api/auth/me HTTP/1.1" 304 - "-" "Mozilla/5.0 (Windows NT 10.0; Win64; x64) AppleWebKit/537.36 (KHTML, like Gecko) Chrome/142.0.0.0 Safari/537.36"
188.132.136.172 - - [22/Nov/2025:18:37:23 +0000] "POST /api/logger/get HTTP/1.1" 401 32 "http://localhost:5173/" "Mozilla/5.0 (Windows NT 10.0; Win64; x64) AppleWebKit/537.36 (KHTML, like Gecko) Chrome/142.0.0.0 Safari/537.36"
188.132.136.172 - - [22/Nov/2025:18:37:24 +0000] "POST /api/logger/get HTTP/1.1" 401 32 "-" "Mozilla/5.0 (Windows NT 10.0; Win64; x64) AppleWebKit/537.36 (KHTML, like Gecko) Chrome/142.0.0.0 Safari/537.36"
188.132.136.172 - - [22/Nov/2025:18:37:27 +0000] "GET /api/auth/me HTTP/1.1" 304 - "-" "Mozilla/5.0 (Windows NT 10.0; Win64; x64) AppleWebKit/537.36 (KHTML, like Gecko) Chrome/142.0.0.0 Safari/537.36"
188.132.136.172 - - [22/Nov/2025:18:37:30 +0000] "GET /api/auth/me HTTP/1.1" 304 - "-" "Mozilla/5.0 (Windows NT 10.0; Win64; x64) AppleWebKit/537.36 (KHTML, like Gecko) Chrome/142.0.0.0 Safari/537.36"
188.132.136.172 - - [22/Nov/2025:18:37:57 +0000] "GET /api/auth/me HTTP/1.1" 200 322 "-" "Mozilla/5.0 (Linux; Android 10; K) AppleWebKit/537.36 (KHTML, like Gecko) Chrome/142.0.0.0 Mobile Safari/537.36"
188.132.136.172 - - [22/Nov/2025:18:38:11 +0000] "GET /api/auth/me HTTP/1.1" 304 - "-" "Mozilla/5.0 (Windows NT 10.0; Win64; x64) AppleWebKit/537.36 (KHTML, like Gecko) Chrome/142.0.0.0 Safari/537.36"
188.132.136.172 - - [22/Nov/2025:18:38:23 +0000] "POST /api/logger/get HTTP/1.1" 401 32 "http://localhost:5173/" "Mozilla/5.0 (Windows NT 10.0; Win64; x64) AppleWebKit/537.36 (KHTML, like Gecko) Chrome/142.0.0.0 Safari/537.36"
188.132.136.172 - - [22/Nov/2025:18:38:24 +0000] "POST /api/logger/get HTTP/1.1" 401 32 "-" "Mozilla/5.0 (Windows NT 10.0; Win64; x64) AppleWebKit/537.36 (KHTML, like Gecko) Chrome/142.0.0.0 Safari/537.36"
188.132.136.172 - - [22/Nov/2025:18:38:43 +0000] "GET /api/auth/me HTTP/1.1" 200 1492 "-" "Mozilla/5.0 (Windows NT 10.0; Win64; x64) AppleWebKit/537.36 (KHTML, like Gecko) Chrome/142.0.0.0 Safari/537.36"
188.132.136.172 - - [22/Nov/2025:18:38:44 +0000] "GET /api/auth/me HTTP/1.1" 200 1492 "-" "Mozilla/5.0 (Windows NT 10.0; Win64; x64) AppleWebKit/537.36 (KHTML, like Gecko) Chrome/142.0.0.0 Safari/537.36"
188.132.136.172 - - [22/Nov/2025:18:38:45 +0000] "GET /api/auth/me HTTP/1.1" 304 - "-" "Mozilla/5.0 (Windows NT 10.0; Win64; x64) AppleWebKit/537.36 (KHTML, like Gecko) Chrome/142.0.0.0 Safari/537.36"
188.132.136.172 - - [22/Nov/2025:18:38:48 +0000] "POST /api/logger/create HTTP/1.1" 200 100 "-" "Mozilla/5.0 (Windows NT 10.0; Win64; x64) AppleWebKit/537.36 (KHTML, like Gecko) Chrome/142.0.0.0 Safari/537.36"
188.132.136.172 - - [22/Nov/2025:18:38:53 +0000] "POST /api/logger/get HTTP/1.1" 401 32 "http://localhost:5173/" "Mozilla/5.0 (Windows NT 10.0; Win64; x64) AppleWebKit/537.36 (KHTML, like Gecko) Chrome/142.0.0.0 Safari/537.36"
188.132.136.172 - - [22/Nov/2025:18:38:54 +0000] "GET /api/auth/me HTTP/1.1" 304 - "-" "Mozilla/5.0 (Windows NT 10.0; Win64; x64) AppleWebKit/537.36 (KHTML, like Gecko) Chrome/142.0.0.0 Safari/537.36"
188.132.136.172 - - [22/Nov/2025:18:38:55 +0000] "POST /api/logger/get HTTP/1.1" 401 32 "http://localhost:5173/" "Mozilla/5.0 (Windows NT 10.0; Win64; x64) AppleWebKit/537.36 (KHTML, like Gecko) Chrome/142.0.0.0 Safari/537.36"
188.132.136.172 - - [22/Nov/2025:18:38:58 +0000] "POST /api/logger/create HTTP/1.1" 200 100 "-" "Mozilla/5.0 (Windows NT 10.0; Win64; x64) AppleWebKit/537.36 (KHTML, like Gecko) Chrome/142.0.0.0 Safari/537.36"
188.132.136.172 - - [22/Nov/2025:18:39:23 +0000] "POST /api/logger/get HTTP/1.1" 401 32 "-" "Mozilla/5.0 (Windows NT 10.0; Win64; x64) AppleWebKit/537.36 (KHTML, like Gecko) Chrome/142.0.0.0 Safari/537.36"
188.132.136.172 - - [22/Nov/2025:18:39:26 +0000] "POST /api/logger/get HTTP/1.1" 401 32 "http://localhost:5173/" "Mozilla/5.0 (Windows NT 10.0; Win64; x64) AppleWebKit/537.36 (KHTML, like Gecko) Chrome/142.0.0.0 Safari/537.36"
188.132.136.172 - - [22/Nov/2025:18:39:55 +0000] "POST /api/logger/get HTTP/1.1" 401 32 "http://localhost:5173/" "Mozilla/5.0 (Windows NT 10.0; Win64; x64) AppleWebKit/537.36 (KHTML, like Gecko) Chrome/142.0.0.0 Safari/537.36"
188.132.136.172 - - [22/Nov/2025:18:40:24 +0000] "POST /api/logger/get HTTP/1.1" 401 32 "-" "Mozilla/5.0 (Windows NT 10.0; Win64; x64) AppleWebKit/537.36 (KHTML, like Gecko) Chrome/142.0.0.0 Safari/537.36"
188.132.136.172 - - [22/Nov/2025:18:40:26 +0000] "POST /api/logger/get HTTP/1.1" 401 32 "http://localhost:5173/" "Mozilla/5.0 (Windows NT 10.0; Win64; x64) AppleWebKit/537.36 (KHTML, like Gecko) Chrome/142.0.0.0 Safari/537.36"
188.132.136.172 - - [22/Nov/2025:18:40:44 +0000] "GET /api/auth/me HTTP/1.1" 304 - "-" "Mozilla/5.0 (Windows NT 10.0; Win64; x64) AppleWebKit/537.36 (KHTML, like Gecko) Chrome/142.0.0.0 Safari/537.36"
212.47.132.176 - - [22/Nov/2025:18:40:45 +0000] "GET /api/auth/me HTTP/1.1" 200 318 "-" "Mozilla/5.0 (Windows NT 10.0; Win64; x64) AppleWebKit/537.36 (KHTML, like Gecko) Chrome/142.0.0.0 Safari/537.36"
188.132.136.172 - - [22/Nov/2025:18:40:47 +0000] "GET /api/auth/me HTTP/1.1" 200 1492 "-" "Mozilla/5.0 (Windows NT 10.0; Win64; x64) AppleWebKit/537.36 (KHTML, like Gecko) Chrome/142.0.0.0 Safari/537.36"
188.132.136.172 - - [22/Nov/2025:18:40:50 +0000] "POST /api/logger/create HTTP/1.1" 200 100 "-" "Mozilla/5.0 (Windows NT 10.0; Win64; x64) AppleWebKit/537.36 (KHTML, like Gecko) Chrome/142.0.0.0 Safari/537.36"
188.132.136.172 - - [22/Nov/2025:18:40:56 +0000] "POST /api/logger/get HTTP/1.1" 401 32 "http://localhost:5173/" "Mozilla/5.0 (Windows NT 10.0; Win64; x64) AppleWebKit/537.36 (KHTML, like Gecko) Chrome/142.0.0.0 Safari/537.36"
188.132.136.172 - - [22/Nov/2025:18:41:00 +0000] "GET /api/auth/me HTTP/1.1" 304 - "-" "Mozilla/5.0 (Windows NT 10.0; Win64; x64) AppleWebKit/537.36 (KHTML, like Gecko) Chrome/142.0.0.0 Safari/537.36"
212.47.132.176 - - [22/Nov/2025:18:41:01 +0000] "GET /api/auth/me HTTP/1.1" 200 318 "-" "Mozilla/5.0 (Windows NT 10.0; Win64; x64) AppleWebKit/537.36 (KHTML, like Gecko) Chrome/142.0.0.0 Safari/537.36"
188.132.136.172 - - [22/Nov/2025:18:41:02 +0000] "GET /api/auth/me HTTP/1.1" 304 - "-" "Mozilla/5.0 (Windows NT 10.0; Win64; x64) AppleWebKit/537.36 (KHTML, like Gecko) Chrome/142.0.0.0 Safari/537.36"
188.132.136.172 - - [22/Nov/2025:18:41:04 +0000] "POST /api/logger/create HTTP/1.1" 429 79 "-" "Mozilla/5.0 (Windows NT 10.0; Win64; x64) AppleWebKit/537.36 (KHTML, like Gecko) Chrome/142.0.0.0 Safari/537.36"
188.132.136.172 - - [22/Nov/2025:18:41:12 +0000] "POST /api/logger/create HTTP/1.1" 200 100 "-" "Mozilla/5.0 (Windows NT 10.0; Win64; x64) AppleWebKit/537.36 (KHTML, like Gecko) Chrome/142.0.0.0 Safari/537.36"
188.132.136.172 - - [22/Nov/2025:18:41:15 +0000] "POST /api/logger/get HTTP/1.1" 500 257 "-" "Mozilla/5.0 (Windows NT 10.0; Win64; x64) AppleWebKit/537.36 (KHTML, like Gecko) Chrome/142.0.0.0 Safari/537.36"
188.132.136.172 - - [22/Nov/2025:18:41:21 +0000] "POST /api/logger/get HTTP/1.1" 500 257 "-" "Mozilla/5.0 (Windows NT 10.0; Win64; x64) AppleWebKit/537.36 (KHTML, like Gecko) Chrome/142.0.0.0 Safari/537.36"
212.47.132.176 - - [22/Nov/2025:18:41:23 +0000] "GET /api/auth/me HTTP/1.1" 304 - "-" "Mozilla/5.0 (Windows NT 10.0; Win64; x64) AppleWebKit/537.36 (KHTML, like Gecko) Chrome/142.0.0.0 Safari/537.36"
188.132.136.172 - - [22/Nov/2025:18:41:23 +0000] "POST /api/logger/get HTTP/1.1" 401 32 "-" "Mozilla/5.0 (Windows NT 10.0; Win64; x64) AppleWebKit/537.36 (KHTML, like Gecko) Chrome/142.0.0.0 Safari/537.36"
212.47.132.176 - - [22/Nov/2025:18:41:25 +0000] "GET /api/auth/me HTTP/1.1" 200 318 "-" "Mozilla/5.0 (Windows NT 10.0; Win64; x64) AppleWebKit/537.36 (KHTML, like Gecko) Chrome/142.0.0.0 Safari/537.36"
188.132.136.172 - - [22/Nov/2025:18:41:26 +0000] "POST /api/logger/get HTTP/1.1" 500 257 "-" "Mozilla/5.0 (Windows NT 10.0; Win64; x64) AppleWebKit/537.36 (KHTML, like Gecko) Chrome/142.0.0.0 Safari/537.36"
188.132.136.172 - - [22/Nov/2025:18:41:26 +0000] "POST /api/logger/get HTTP/1.1" 401 32 "http://localhost:5173/" "Mozilla/5.0 (Windows NT 10.0; Win64; x64) AppleWebKit/537.36 (KHTML, like Gecko) Chrome/142.0.0.0 Safari/537.36"
188.132.136.172 - - [22/Nov/2025:18:41:31 +0000] "POST /api/logger/get HTTP/1.1" 500 257 "-" "Mozilla/5.0 (Windows NT 10.0; Win64; x64) AppleWebKit/537.36 (KHTML, like Gecko) Chrome/142.0.0.0 Safari/537.36"
212.47.132.176 - - [22/Nov/2025:18:41:32 +0000] "GET /api/auth/me HTTP/1.1" 304 - "-" "Mozilla/5.0 (Windows NT 10.0; Win64; x64) AppleWebKit/537.36 (KHTML, like Gecko) Chrome/142.0.0.0 Safari/537.36"
188.132.136.172 - - [22/Nov/2025:18:41:39 +0000] "POST /api/logger/create HTTP/1.1" 200 100 "-" "Mozilla/5.0 (Windows NT 10.0; Win64; x64) AppleWebKit/537.36 (KHTML, like Gecko) Chrome/142.0.0.0 Safari/537.36"
188.132.136.172 - - [22/Nov/2025:18:41:41 +0000] "POST /api/logger/get HTTP/1.1" 500 257 "-" "Mozilla/5.0 (Windows NT 10.0; Win64; x64) AppleWebKit/537.36 (KHTML, like Gecko) Chrome/142.0.0.0 Safari/537.36"
188.132.136.172 - - [22/Nov/2025:18:41:49 +0000] "GET /api/auth/me HTTP/1.1" 304 - "-" "Mozilla/5.0 (Windows NT 10.0; Win64; x64) AppleWebKit/537.36 (KHTML, like Gecko) Chrome/142.0.0.0 Safari/537.36"
188.132.136.172 - - [22/Nov/2025:18:41:53 +0000] "POST /api/logger/create HTTP/1.1" 200 100 "-" "Mozilla/5.0 (Windows NT 10.0; Win64; x64) AppleWebKit/537.36 (KHTML, like Gecko) Chrome/142.0.0.0 Safari/537.36"
188.132.136.172 - - [22/Nov/2025:18:41:55 +0000] "POST /api/logger/get HTTP/1.1" 401 32 "http://localhost:5173/" "Mozilla/5.0 (Windows NT 10.0; Win64; x64) AppleWebKit/537.36 (KHTML, like Gecko) Chrome/142.0.0.0 Safari/537.36"
188.132.136.172 - - [22/Nov/2025:18:42:05 +0000] "GET /api/auth/me HTTP/1.1" 200 1492 "-" "Mozilla/5.0 (Windows NT 10.0; Win64; x64) AppleWebKit/537.36 (KHTML, like Gecko) Chrome/142.0.0.0 Safari/537.36"
212.47.132.176 - - [22/Nov/2025:18:42:06 +0000] "GET /api/auth/me HTTP/1.1" 304 - "-" "Mozilla/5.0 (Windows NT 10.0; Win64; x64) AppleWebKit/537.36 (KHTML, like Gecko) Chrome/142.0.0.0 Safari/537.36"
188.132.136.172 - - [22/Nov/2025:18:42:08 +0000] "GET /api/auth/me HTTP/1.1" 304 - "-" "Mozilla/5.0 (Windows NT 10.0; Win64; x64) AppleWebKit/537.36 (KHTML, like Gecko) Chrome/142.0.0.0 Safari/537.36"
212.47.132.176 - - [22/Nov/2025:18:42:09 +0000] "GET /api/auth/me HTTP/1.1" 200 318 "-" "Mozilla/5.0 (Windows NT 10.0; Win64; x64) AppleWebKit/537.36 (KHTML, like Gecko) Chrome/142.0.0.0 Safari/537.36"
188.132.136.172 - - [22/Nov/2025:18:42:10 +0000] "GET /api/auth/me HTTP/1.1" 304 - "-" "Mozilla/5.0 (Windows NT 10.0; Win64; x64) AppleWebKit/537.36 (KHTML, like Gecko) Chrome/142.0.0.0 Safari/537.36"
212.47.132.176 - - [22/Nov/2025:18:42:11 +0000] "GET /api/auth/me HTTP/1.1" 304 - "-" "Mozilla/5.0 (Windows NT 10.0; Win64; x64) AppleWebKit/537.36 (KHTML, like Gecko) Chrome/142.0.0.0 Safari/537.36"
188.132.136.172 - - [22/Nov/2025:18:42:14 +0000] "GET /api/auth/me HTTP/1.1" 304 - "-" "Mozilla/5.0 (Windows NT 10.0; Win64; x64) AppleWebKit/537.36 (KHTML, like Gecko) Chrome/142.0.0.0 Safari/537.36"
212.47.132.176 - - [22/Nov/2025:18:42:18 +0000] "GET /api/auth/me HTTP/1.1" 304 - "-" "Mozilla/5.0 (Windows NT 10.0; Win64; x64) AppleWebKit/537.36 (KHTML, like Gecko) Chrome/142.0.0.0 Safari/537.36"
188.132.136.172 - - [22/Nov/2025:18:42:19 +0000] "GET /api/auth/me HTTP/1.1" 304 - "-" "Mozilla/5.0 (Windows NT 10.0; Win64; x64) AppleWebKit/537.36 (KHTML, like Gecko) Chrome/142.0.0.0 Safari/537.36"
188.132.136.172 - - [22/Nov/2025:18:42:23 +0000] "POST /api/logger/get HTTP/1.1" 401 32 "-" "Mozilla/5.0 (Windows NT 10.0; Win64; x64) AppleWebKit/537.36 (KHTML, like Gecko) Chrome/142.0.0.0 Safari/537.36"
188.132.136.172 - - [22/Nov/2025:18:42:29 +0000] "POST /api/logger/create HTTP/1.1" 200 100 "-" "Mozilla/5.0 (Windows NT 10.0; Win64; x64) AppleWebKit/537.36 (KHTML, like Gecko) Chrome/142.0.0.0 Safari/537.36"
188.132.136.172 - - [22/Nov/2025:18:42:31 +0000] "POST /api/logger/get HTTP/1.1" 500 257 "-" "Mozilla/5.0 (Windows NT 10.0; Win64; x64) AppleWebKit/537.36 (KHTML, like Gecko) Chrome/142.0.0.0 Safari/537.36"
188.132.136.172 - - [22/Nov/2025:18:42:38 +0000] "GET /api/auth/me HTTP/1.1" 200 1492 "-" "Mozilla/5.0 (Windows NT 10.0; Win64; x64) AppleWebKit/537.36 (KHTML, like Gecko) Chrome/142.0.0.0 Safari/537.36"
188.132.136.172 - - [22/Nov/2025:18:42:48 +0000] "GET /api/auth/me HTTP/1.1" 304 - "-" "Mozilla/5.0 (Windows NT 10.0; Win64; x64) AppleWebKit/537.36 (KHTML, like Gecko) Chrome/142.0.0.0 Safari/537.36"
188.132.136.172 - - [22/Nov/2025:18:42:48 +0000] "POST /api/logger/create HTTP/1.1" 200 100 "-" "Mozilla/5.0 (Windows NT 10.0; Win64; x64) AppleWebKit/537.36 (KHTML, like Gecko) Chrome/142.0.0.0 Safari/537.36"
212.47.132.176 - - [22/Nov/2025:18:42:49 +0000] "GET /api/auth/me HTTP/1.1" 304 - "-" "Mozilla/5.0 (Windows NT 10.0; Win64; x64) AppleWebKit/537.36 (KHTML, like Gecko) Chrome/142.0.0.0 Safari/537.36"
188.132.136.172 - - [22/Nov/2025:18:42:54 +0000] "GET /api/auth/me HTTP/1.1" 304 - "-" "Mozilla/5.0 (Windows NT 10.0; Win64; x64) AppleWebKit/537.36 (KHTML, like Gecko) Chrome/142.0.0.0 Safari/537.36"
212.47.132.176 - - [22/Nov/2025:18:42:55 +0000] "GET /api/auth/me HTTP/1.1" 200 318 "-" "Mozilla/5.0 (Windows NT 10.0; Win64; x64) AppleWebKit/537.36 (KHTML, like Gecko) Chrome/142.0.0.0 Safari/537.36"
188.132.136.172 - - [22/Nov/2025:18:42:57 +0000] "GET /api/auth/me HTTP/1.1" 200 1492 "-" "Mozilla/5.0 (Windows NT 10.0; Win64; x64) AppleWebKit/537.36 (KHTML, like Gecko) Chrome/142.0.0.0 Safari/537.36"
212.47.132.176 - - [22/Nov/2025:18:42:58 +0000] "GET /api/auth/me HTTP/1.1" 304 - "-" "Mozilla/5.0 (Windows NT 10.0; Win64; x64) AppleWebKit/537.36 (KHTML, like Gecko) Chrome/142.0.0.0 Safari/537.36"
188.132.136.172 - - [22/Nov/2025:18:43:09 +0000] "POST /api/logger/create HTTP/1.1" 429 79 "-" "Mozilla/5.0 (Windows NT 10.0; Win64; x64) AppleWebKit/537.36 (KHTML, like Gecko) Chrome/142.0.0.0 Safari/537.36"
188.132.136.172 - - [22/Nov/2025:18:43:17 +0000] "GET /api/auth/me HTTP/1.1" 304 - "-" "Mozilla/5.0 (Windows NT 10.0; Win64; x64) AppleWebKit/537.36 (KHTML, like Gecko) Chrome/142.0.0.0 Safari/537.36"
188.132.136.172 - - [22/Nov/2025:18:43:19 +0000] "POST /api/logger/create HTTP/1.1" 200 100 "-" "Mozilla/5.0 (Windows NT 10.0; Win64; x64) AppleWebKit/537.36 (KHTML, like Gecko) Chrome/142.0.0.0 Safari/537.36"
188.132.136.172 - - [22/Nov/2025:18:43:22 +0000] "POST /api/logger/get HTTP/1.1" 500 257 "-" "Mozilla/5.0 (Windows NT 10.0; Win64; x64) AppleWebKit/537.36 (KHTML, like Gecko) Chrome/142.0.0.0 Safari/537.36"
188.132.136.172 - - [22/Nov/2025:18:43:23 +0000] "POST /api/logger/get HTTP/1.1" 401 32 "-" "Mozilla/5.0 (Windows NT 10.0; Win64; x64) AppleWebKit/537.36 (KHTML, like Gecko) Chrome/142.0.0.0 Safari/537.36"
188.132.136.172 - - [22/Nov/2025:18:43:23 +0000] "POST /api/logger/get HTTP/1.1" 401 32 "http://localhost:5173/" "Mozilla/5.0 (Windows NT 10.0; Win64; x64) AppleWebKit/537.36 (KHTML, like Gecko) Chrome/142.0.0.0 Safari/537.36"
188.132.136.172 - - [22/Nov/2025:18:43:33 +0000] "POST /api/logger/create HTTP/1.1" 200 100 "-" "Mozilla/5.0 (Windows NT 10.0; Win64; x64) AppleWebKit/537.36 (KHTML, like Gecko) Chrome/142.0.0.0 Safari/537.36"
188.132.136.172 - - [22/Nov/2025:18:43:36 +0000] "POST /api/logger/get HTTP/1.1" 500 257 "-" "Mozilla/5.0 (Windows NT 10.0; Win64; x64) AppleWebKit/537.36 (KHTML, like Gecko) Chrome/142.0.0.0 Safari/537.36"
188.132.136.172 - - [22/Nov/2025:18:43:40 +0000] "POST /api/logger/get HTTP/1.1" 500 257 "-" "Mozilla/5.0 (Windows NT 10.0; Win64; x64) AppleWebKit/537.36 (KHTML, like Gecko) Chrome/142.0.0.0 Safari/537.36"
212.47.132.176 - - [22/Nov/2025:18:43:41 +0000] "GET /api/auth/me HTTP/1.1" 304 - "-" "Mozilla/5.0 (Windows NT 10.0; Win64; x64) AppleWebKit/537.36 (KHTML, like Gecko) Chrome/142.0.0.0 Safari/537.36"
188.132.136.172 - - [22/Nov/2025:18:43:54 +0000] "POST /api/logger/create HTTP/1.1" 200 100 "-" "Mozilla/5.0 (Windows NT 10.0; Win64; x64) AppleWebKit/537.36 (KHTML, like Gecko) Chrome/142.0.0.0 Safari/537.36"
188.132.136.172 - - [22/Nov/2025:18:43:57 +0000] "POST /api/logger/get HTTP/1.1" 500 257 "-" "Mozilla/5.0 (Windows NT 10.0; Win64; x64) AppleWebKit/537.36 (KHTML, like Gecko) Chrome/142.0.0.0 Safari/537.36"
188.132.136.172 - - [22/Nov/2025:18:44:01 +0000] "GET /api/auth/me HTTP/1.1" 304 - "-" "Mozilla/5.0 (Windows NT 10.0; Win64; x64) AppleWebKit/537.36 (KHTML, like Gecko) Chrome/142.0.0.0 Safari/537.36"
188.132.136.172 - - [22/Nov/2025:18:44:03 +0000] "POST /api/logger/create HTTP/1.1" 200 100 "-" "Mozilla/5.0 (Windows NT 10.0; Win64; x64) AppleWebKit/537.36 (KHTML, like Gecko) Chrome/142.0.0.0 Safari/537.36"
188.132.136.172 - - [22/Nov/2025:18:44:20 +0000] "GET /api/auth/me HTTP/1.1" 304 - "-" "Mozilla/5.0 (Windows NT 10.0; Win64; x64) AppleWebKit/537.36 (KHTML, like Gecko) Chrome/142.0.0.0 Safari/537.36"
188.132.136.172 - - [22/Nov/2025:18:44:22 +0000] "GET /api/auth/me HTTP/1.1" 200 1492 "-" "Mozilla/5.0 (Windows NT 10.0; Win64; x64) AppleWebKit/537.36 (KHTML, like Gecko) Chrome/142.0.0.0 Safari/537.36"
188.132.136.172 - - [22/Nov/2025:18:44:23 +0000] "POST /api/logger/get HTTP/1.1" 401 32 "-" "Mozilla/5.0 (Windows NT 10.0; Win64; x64) AppleWebKit/537.36 (KHTML, like Gecko) Chrome/142.0.0.0 Safari/537.36"
188.132.136.172 - - [22/Nov/2025:18:44:23 +0000] "POST /api/logger/get HTTP/1.1" 401 32 "http://localhost:5173/" "Mozilla/5.0 (Windows NT 10.0; Win64; x64) AppleWebKit/537.36 (KHTML, like Gecko) Chrome/142.0.0.0 Safari/537.36"
188.132.136.172 - - [22/Nov/2025:18:44:26 +0000] "GET /api/auth/me HTTP/1.1" 304 - "-" "Mozilla/5.0 (Windows NT 10.0; Win64; x64) AppleWebKit/537.36 (KHTML, like Gecko) Chrome/142.0.0.0 Safari/537.36"
188.132.136.172 - - [22/Nov/2025:18:44:29 +0000] "POST /api/logger/create HTTP/1.1" 200 100 "-" "Mozilla/5.0 (Windows NT 10.0; Win64; x64) AppleWebKit/537.36 (KHTML, like Gecko) Chrome/142.0.0.0 Safari/537.36"
188.132.136.172 - - [22/Nov/2025:18:44:29 +0000] "GET /log/6922048dcaa1e0191cc5f009 HTTP/1.1" 404 167 "-" "Mozilla/5.0 (Windows NT 10.0; Win64; x64) AppleWebKit/537.36 (KHTML, like Gecko) Chrome/142.0.0.0 Safari/537.36"
188.132.136.172 - - [22/Nov/2025:18:44:50 +0000] "POST /api/logger/create HTTP/1.1" 429 79 "-" "Mozilla/5.0 (Windows NT 10.0; Win64; x64) AppleWebKit/537.36 (KHTML, like Gecko) Chrome/142.0.0.0 Safari/537.36"
