::1 - - [22/Nov/2025:11:56:08 +0000] "POST /api/auth/create HTTP/1.1" 500 39 "-" "PostmanRuntime/7.49.1"
::1 - - [22/Nov/2025:11:56:22 +0000] "POST /api/auth/create HTTP/1.1" 500 39 "-" "PostmanRuntime/7.49.1"
::1 - - [22/Nov/2025:11:56:53 +0000] "POST /api/auth/create HTTP/1.1" 500 36 "-" "PostmanRuntime/7.49.1"
::1 - - [22/Nov/2025:11:57:09 +0000] "POST /api/auth/create HTTP/1.1" 201 340 "-" "PostmanRuntime/7.49.1"
::1 - - [22/Nov/2025:11:57:16 +0000] "POST /api/auth/create HTTP/1.1" 201 340 "-" "PostmanRuntime/7.49.1"
::1 - - [22/Nov/2025:11:57:21 +0000] "POST /api/auth/create HTTP/1.1" 400 38 "-" "PostmanRuntime/7.49.1"
::1 - - [22/Nov/2025:11:57:25 +0000] "POST /api/auth/create HTTP/1.1" 201 340 "-" "PostmanRuntime/7.49.1"
::1 - - [22/Nov/2025:11:57:42 +0000] "POST /api/auth/create HTTP/1.1" 201 340 "-" "PostmanRuntime/7.49.1"
::1 - - [22/Nov/2025:11:59:12 +0000] "POST /api/auth/create HTTP/1.1" 201 340 "-" "PostmanRuntime/7.49.1"
::1 - - [22/Nov/2025:12:00:23 +0000] "POST /api/auth/create HTTP/1.1" 500 34 "-" "PostmanRuntime/7.49.1"
::1 - - [22/Nov/2025:12:00:25 +0000] "POST /api/auth/create HTTP/1.1" 500 34 "-" "PostmanRuntime/7.49.1"
::1 - - [22/Nov/2025:12:00:32 +0000] "POST /api/auth/create HTTP/1.1" 500 34 "-" "PostmanRuntime/7.49.1"
::1 - - [22/Nov/2025:12:00:35 +0000] "POST /api/auth/create HTTP/1.1" 400 39 "-" "PostmanRuntime/7.49.1"
::1 - - [22/Nov/2025:12:01:10 +0000] "POST /api/auth/create HTTP/1.1" 201 341 "-" "PostmanRuntime/7.49.1"
::1 - - [22/Nov/2025:12:01:54 +0000] "POST /api/auth/create HTTP/1.1" 400 39 "-" "PostmanRuntime/7.49.1"
::1 - - [22/Nov/2025:12:01:57 +0000] "POST /api/auth/create HTTP/1.1" 201 341 "-" "PostmanRuntime/7.49.1"
::1 - - [22/Nov/2025:12:04:30 +0000] "POST /api/auth/create HTTP/1.1" 400 39 "-" "PostmanRuntime/7.49.1"
::1 - - [22/Nov/2025:12:04:32 +0000] "POST /api/auth/create HTTP/1.1" 201 342 "-" "PostmanRuntime/7.49.1"
::1 - - [22/Nov/2025:12:06:02 +0000] "POST /api/auth/create HTTP/1.1" 400 39 "-" "PostmanRuntime/7.49.1"
::1 - - [22/Nov/2025:12:06:04 +0000] "POST /api/auth/create HTTP/1.1" 201 343 "-" "PostmanRuntime/7.49.1"
::1 - - [22/Nov/2025:12:10:12 +0000] "POST /api/auth/create HTTP/1.1" 201 340 "-" "PostmanRuntime/7.49.1"
::1 - - [22/Nov/2025:12:10:59 +0000] "POST /api/auth/create HTTP/1.1" 400 39 "-" "PostmanRuntime/7.49.1"
::1 - - [22/Nov/2025:12:11:02 +0000] "POST /api/auth/login HTTP/1.1" 200 121 "-" "PostmanRuntime/7.49.1"
::1 - - [22/Nov/2025:12:11:04 +0000] "POST /api/auth/me HTTP/1.1" 404 151 "-" "PostmanRuntime/7.49.1"
::1 - - [22/Nov/2025:12:11:08 +0000] "GET /api/auth/me HTTP/1.1" 500 14 "-" "PostmanRuntime/7.49.1"
::1 - - [22/Nov/2025:12:11:13 +0000] "GET /api/auth/me HTTP/1.1" 500 14 "-" "PostmanRuntime/7.49.1"
::1 - - [22/Nov/2025:12:11:16 +0000] "GET /api/auth/me HTTP/1.1" 401 28 "-" "Mozilla/5.0 (Windows NT 10.0; Win64; x64) AppleWebKit/537.36 (KHTML, like Gecko) Chrome/142.0.0.0 Safari/537.36"
::1 - - [22/Nov/2025:12:11:16 +0000] "GET /favicon.ico HTTP/1.1" 404 150 "-" "Mozilla/5.0 (Windows NT 10.0; Win64; x64) AppleWebKit/537.36 (KHTML, like Gecko) Chrome/142.0.0.0 Safari/537.36"
::1 - - [22/Nov/2025:12:11:31 +0000] "GET /api/auth/me HTTP/1.1" 401 28 "-" "curl/8.13.0"
::1 - - [22/Nov/2025:12:11:33 +0000] "GET /api/auth/me HTTP/1.1" 500 14 "-" "PostmanRuntime/7.49.1"
::1 - - [22/Nov/2025:12:12:22 +0000] "GET /api/auth/logout HTTP/1.1" 200 37 "-" "PostmanRuntime/7.49.1"
::1 - - [22/Nov/2025:12:12:24 +0000] "GET /api/auth/me HTTP/1.1" 401 28 "-" "PostmanRuntime/7.49.1"
::1 - - [22/Nov/2025:12:12:29 +0000] "POST /api/auth/login HTTP/1.1" 200 121 "-" "PostmanRuntime/7.49.1"
::1 - - [22/Nov/2025:12:12:33 +0000] "GET /api/auth/me HTTP/1.1" 500 14 "-" "PostmanRuntime/7.49.1"
::1 - - [22/Nov/2025:12:14:05 +0000] "GET /api/auth/me HTTP/1.1" 200 423 "-" "PostmanRuntime/7.49.1"
::1 - - [22/Nov/2025:12:18:03 +0000] "POST /api/auth/login HTTP/1.1" 400 32 "-" "PostmanRuntime/7.49.1"
::1 - - [22/Nov/2025:12:18:27 +0000] "GET /api/auth/me HTTP/1.1" 401 28 "-" "curl/8.13.0"
::1 - - [22/Nov/2025:12:18:34 +0000] "GET / HTTP/1.1" 404 139 "-" "curl/8.13.0"
::1 - - [22/Nov/2025:12:19:12 +0000] "POST /api/auth/login HTTP/1.1" 400 32 "-" "PostmanRuntime/7.49.1"
::1 - - [22/Nov/2025:12:19:16 +0000] "POST /api/auth/login HTTP/1.1" 400 32 "-" "PostmanRuntime/7.49.1"
::1 - - [22/Nov/2025:12:19:28 +0000] "POST /api/auth/login HTTP/1.1" 400 32 "-" "PostmanRuntime/7.49.1"
::1 - - [22/Nov/2025:12:19:43 +0000] "POST /api/auth/login HTTP/1.1" 200 121 "-" "PostmanRuntime/7.49.1"
::1 - - [22/Nov/2025:12:19:56 +0000] "GET /api/auth/me HTTP/1.1" 200 511 "-" "PostmanRuntime/7.49.1"
::1 - - [22/Nov/2025:12:24:16 +0000] "GET /api/auth/me HTTP/1.1" 200 511 "-" "PostmanRuntime/7.49.1"
::1 - - [22/Nov/2025:12:24:17 +0000] "GET /api/auth/me HTTP/1.1" 200 511 "-" "PostmanRuntime/7.49.1"
::1 - - [22/Nov/2025:12:24:18 +0000] "GET /api/auth/me HTTP/1.1" 200 511 "-" "PostmanRuntime/7.49.1"
::1 - - [22/Nov/2025:12:24:19 +0000] "GET /api/auth/me HTTP/1.1" 200 511 "-" "PostmanRuntime/7.49.1"
::1 - - [22/Nov/2025:12:24:20 +0000] "GET /api/auth/me HTTP/1.1" 200 511 "-" "PostmanRuntime/7.49.1"
::1 - - [22/Nov/2025:12:24:21 +0000] "GET /api/auth/me HTTP/1.1" 200 511 "-" "PostmanRuntime/7.49.1"
::1 - - [22/Nov/2025:12:24:26 +0000] "POST /api/auth/login HTTP/1.1" - - "-" "PostmanRuntime/7.49.1"
::1 - - [22/Nov/2025:12:24:28 +0000] "POST /api/auth/login HTTP/1.1" 200 121 "-" "PostmanRuntime/7.49.1"
::1 - - [22/Nov/2025:12:24:29 +0000] "POST /api/auth/login HTTP/1.1" 200 121 "-" "PostmanRuntime/7.49.1"
::1 - - [22/Nov/2025:12:24:30 +0000] "POST /api/auth/login HTTP/1.1" 200 121 "-" "PostmanRuntime/7.49.1"
::1 - - [22/Nov/2025:12:24:32 +0000] "POST /api/auth/login HTTP/1.1" 200 121 "-" "PostmanRuntime/7.49.1"
::1 - - [22/Nov/2025:12:24:35 +0000] "POST /api/auth/login HTTP/1.1" 200 121 "-" "PostmanRuntime/7.49.1"
::1 - - [22/Nov/2025:12:24:37 +0000] "POST /api/auth/login HTTP/1.1" 200 121 "-" "PostmanRuntime/7.49.1"
::1 - - [22/Nov/2025:12:24:38 +0000] "POST /api/auth/login HTTP/1.1" 429 78 "-" "PostmanRuntime/7.49.1"
::1 - - [22/Nov/2025:12:33:45 +0000] "GET /api/auth/me HTTP/1.1" 200 1128 "-" "PostmanRuntime/7.49.1"
::1 - - [22/Nov/2025:14:05:31 +0000] "POST /api/logger/create HTTP/1.1" 200 100 "-" "PostmanRuntime/7.49.1"
::1 - - [22/Nov/2025:14:05:40 +0000] "POST /log/6921c32bca25b88bd6345e37 HTTP/1.1" 404 168 "-" "PostmanRuntime/7.49.1"
::1 - - [22/Nov/2025:14:06:01 +0000] "GET /api/logger/lo6921c32bca25b88bd6345e37 HTTP/1.1" 404 176 "-" "PostmanRuntime/7.49.1"
::1 - - [22/Nov/2025:14:06:03 +0000] "GET /api/logger/log/6921c32bca25b88bd6345e37 HTTP/1.1" 302 40 "-" "PostmanRuntime/7.49.1"
::1 - - [22/Nov/2025:14:06:28 +0000] "GET /api/logger/log/6921c32bca25b88bd6345e37 HTTP/1.1" 302 40 "-" "PostmanRuntime/7.49.1"
::1 - - [22/Nov/2025:14:06:37 +0000] "GET /api/logger/log/6921c32bca25b88bd6345e37 HTTP/1.1" 302 47 "-" "Mozilla/5.0 (Windows NT 10.0; Win64; x64) AppleWebKit/537.36 (KHTML, like Gecko) Chrome/142.0.0.0 Safari/537.36"
::1 - - [22/Nov/2025:14:11:14 +0000] "GET /api/admin/all-logs HTTP/1.1" 500 12 "-" "PostmanRuntime/7.49.1"
::1 - - [22/Nov/2025:14:11:29 +0000] "GET /api/admin/all-logs HTTP/1.1" 500 12 "-" "PostmanRuntime/7.49.1"
::1 - - [22/Nov/2025:14:11:39 +0000] "GET /api/admin/all-logs HTTP/1.1" 500 14 "-" "PostmanRuntime/7.49.1"
::1 - - [22/Nov/2025:14:11:41 +0000] "GET /api/admin/all-logs HTTP/1.1" 500 14 "-" "PostmanRuntime/7.49.1"
::1 - - [22/Nov/2025:14:12:24 +0000] "GET /api/admin/all-logs HTTP/1.1" 500 35 "-" "PostmanRuntime/7.49.1"
::1 - - [22/Nov/2025:14:12:26 +0000] "GET /api/admin/all-logs HTTP/1.1" 500 35 "-" "PostmanRuntime/7.49.1"
::1 - - [22/Nov/2025:14:12:45 +0000] "GET /api/admin/all-logs HTTP/1.1" 200 1167 "-" "PostmanRuntime/7.49.1"
::1 - - [22/Nov/2025:14:18:37 +0000] "POST /api/logger/get HTTP/1.1" 201 1165 "-" "PostmanRuntime/7.49.1"
::1 - - [22/Nov/2025:14:18:41 +0000] "POST /api/logger/get HTTP/1.1" 500 305 "-" "PostmanRuntime/7.49.1"
::1 - - [22/Nov/2025:14:18:43 +0000] "POST /api/logger/get HTTP/1.1" 201 1165 "-" "PostmanRuntime/7.49.1"
::1 - - [22/Nov/2025:14:18:44 +0000] "POST /api/logger/get HTTP/1.1" 500 305 "-" "PostmanRuntime/7.49.1"
::1 - - [22/Nov/2025:14:18:51 +0000] "POST /api/logger/get HTTP/1.1" 400 31 "-" "PostmanRuntime/7.49.1"
::1 - - [22/Nov/2025:14:18:53 +0000] "POST /api/logger/get HTTP/1.1" 201 1165 "-" "PostmanRuntime/7.49.1"
::1 - - [22/Nov/2025:14:21:02 +0000] "POST /api/logger/get HTTP/1.1" 201 1165 "-" "PostmanRuntime/7.49.1"
::1 - - [22/Nov/2025:14:22:28 +0000] "GET /api/logger/log/6921c32bca25b88bd6345e37 HTTP/1.1" 302 47 "-" "Mozilla/5.0 (Windows NT 10.0; Win64; x64) AppleWebKit/537.36 (KHTML, like Gecko) Chrome/142.0.0.0 Safari/537.36"
::1 - - [22/Nov/2025:14:23:22 +0000] "POST /api/logger/create HTTP/1.1" 400 34 "-" "PostmanRuntime/7.49.1"
::1 - - [22/Nov/2025:14:23:59 +0000] "POST /api/logger/create HTTP/1.1" 200 100 "-" "PostmanRuntime/7.49.1"
::1 - - [22/Nov/2025:14:25:07 +0000] "GET /api/logger/log/6921c77ff6bcacfe327bed16 HTTP/1.1" 302 47 "-" "Mozilla/5.0 (Windows NT 10.0; Win64; x64) AppleWebKit/537.36 (KHTML, like Gecko) Chrome/142.0.0.0 Safari/537.36"
::1 - - [22/Nov/2025:14:25:56 +0000] "GET /api/logger/get HTTP/1.1" 404 153 "-" "PostmanRuntime/7.49.1"
::1 - - [22/Nov/2025:14:26:27 +0000] "GET /api/logger/get HTTP/1.1" 404 153 "-" "PostmanRuntime/7.49.1"
::1 - - [22/Nov/2025:14:26:48 +0000] "GET /api/logger/get HTTP/1.1" 404 153 "-" "PostmanRuntime/7.49.1"
::1 - - [22/Nov/2025:14:27:04 +0000] "GET /api/logger/log/6921c32bca25b88bd6345e37 HTTP/1.1" 302 40 "-" "PostmanRuntime/7.49.1"
::1 - - [22/Nov/2025:14:27:21 +0000] "GET /api/logger/log/6921c32bca25b88bd6345e37 HTTP/1.1" 302 40 "-" "PostmanRuntime/7.49.1"
::1 - - [22/Nov/2025:14:27:53 +0000] "POST /api/logger/create HTTP/1.1" 200 100 "-" "PostmanRuntime/7.49.1"
::1 - - [22/Nov/2025:14:28:18 +0000] "POST /api/logger/get HTTP/1.1" 201 174 "-" "PostmanRuntime/7.49.1"
::1 - - [22/Nov/2025:14:28:25 +0000] "GET /api/logger/log/6921c8689700c64bd68e0bd4 HTTP/1.1" 302 47 "-" "Mozilla/5.0 (Windows NT 10.0; Win64; x64) AppleWebKit/537.36 (KHTML, like Gecko) Chrome/142.0.0.0 Safari/537.36"
::1 - - [22/Nov/2025:14:28:28 +0000] "POST /api/logger/get HTTP/1.1" 201 563 "-" "PostmanRuntime/7.49.1"
::ffff:127.0.0.1 - - [22/Nov/2025:14:29:17 +0000] "GET /api/logger/log/6921c8689700c64bd68e0bd4 HTTP/1.1" 302 47 "-" "Mozilla/5.0 (Windows NT 10.0; Win64; x64) AppleWebKit/537.36 (KHTML, like Gecko) Chrome/142.0.0.0 Safari/537.36"
::1 - - [22/Nov/2025:14:29:23 +0000] "POST /api/logger/get HTTP/1.1" 201 971 "-" "PostmanRuntime/7.49.1"
::ffff:127.0.0.1 - - [22/Nov/2025:14:29:30 +0000] "GET /favicon.ico HTTP/1.1" 404 150 "https://vn27f5xd-5000.euw.devtunnels.ms/api/logger/log/6921c8689700c64bd68e0bd4" "Mozilla/5.0 (Windows NT 10.0; Win64; x64) AppleWebKit/537.36 (KHTML, like Gecko) Chrome/142.0.0.0 Safari/537.36"
::ffff:127.0.0.1 - - [22/Nov/2025:14:30:00 +0000] "GET /api/logger/log/6921c8689700c64bd68e0bd4 HTTP/1.1" 302 47 "https://vn27f5xd-5000.euw.devtunnels.ms/api/logger/log/6921c8689700c64bd68e0bd4" "Mozilla/5.0 (Windows NT 10.0; Win64; x64) AppleWebKit/537.36 (KHTML, like Gecko) Chrome/142.0.0.0 Safari/537.36"
::1 - - [22/Nov/2025:14:31:17 +0000] "POST /api/logger/get HTTP/1.1" 201 1372 "-" "PostmanRuntime/7.49.1"
::1 - - [22/Nov/2025:14:37:33 +0000] "POST /api/logger/edit HTTP/1.1" 400 53 "-" "PostmanRuntime/7.49.1"
::1 - - [22/Nov/2025:14:37:43 +0000] "POST /api/logger/edit HTTP/1.1" 400 53 "-" "PostmanRuntime/7.49.1"
::1 - - [22/Nov/2025:14:38:11 +0000] "POST /api/logger/edit HTTP/1.1" 200 1424 "-" "PostmanRuntime/7.49.1"
::1 - - [22/Nov/2025:14:38:45 +0000] "POST /api/logger/edit HTTP/1.1" 400 53 "-" "PostmanRuntime/7.49.1"
::1 - - [22/Nov/2025:14:38:49 +0000] "POST /api/logger/edit HTTP/1.1" 400 53 "-" "PostmanRuntime/7.49.1"
::1 - - [22/Nov/2025:14:39:10 +0000] "POST /api/logger/edit HTTP/1.1" 400 53 "-" "PostmanRuntime/7.49.1"
::1 - - [22/Nov/2025:14:39:23 +0000] "POST /api/logger/edit HTTP/1.1" 200 1424 "-" "PostmanRuntime/7.49.1"
::ffff:127.0.0.1 - - [22/Nov/2025:14:39:43 +0000] "GET /api/logger/log/6921c8689700c64bd68e0bd4 HTTP/1.1" 302 54 "-" "Mozilla/5.0 (Windows NT 10.0; Win64; x64) AppleWebKit/537.36 (KHTML, like Gecko) Chrome/142.0.0.0 Safari/537.36"
::1 - - [22/Nov/2025:14:42:21 +0000] "POST /api/logger/create HTTP/1.1" 400 34 "-" "PostmanRuntime/7.49.1"
::1 - - [22/Nov/2025:14:42:28 +0000] "POST /api/logger/create HTTP/1.1" 200 100 "-" "PostmanRuntime/7.49.1"
::ffff:127.0.0.1 - - [22/Nov/2025:14:44:20 +0000] "GET /api/logger/log/6921c8689700c64bd68e0bd4 HTTP/1.1" 302 47 "-" "WhatsApp/2.2585.5 W"
::ffff:127.0.0.1 - - [22/Nov/2025:14:44:24 +0000] "GET /api/logger/log/6921c8689700c64bd68e0bd4 HTTP/1.1" 302 47 "-" "WhatsApp/2.2585.5 W"
::ffff:127.0.0.1 - - [22/Nov/2025:14:44:55 +0000] "GET /api/logger/log/6921cbd32ba2a6190bcf1328 HTTP/1.1" 302 162 "-" "Mozilla/5.0 (Windows NT 10.0; Win64; x64) AppleWebKit/537.36 (KHTML, like Gecko) Chrome/142.0.0.0 Safari/537.36"
::1 - - [22/Nov/2025:14:45:08 +0000] "POST /api/logger/get HTTP/1.1" 201 696 "-" "PostmanRuntime/7.49.1"
::ffff:127.0.0.1 - - [22/Nov/2025:14:45:25 +0000] "GET /api/logger/log/6921cbd32ba2a6190bcf1328 HTTP/1.1" 302 155 "-" "WhatsApp/2.2585.5 W"
::ffff:127.0.0.1 - - [22/Nov/2025:14:45:26 +0000] "GET /api/logger/log/6921cbd32ba2a6190bcf13286921cbd32ba2a6190bcf1328 HTTP/1.1" 500 21 "-" "WhatsApp/2.2585.5 W"
::1 - - [22/Nov/2025:14:46:25 +0000] "POST /api/logger/get HTTP/1.1" 201 1013 "-" "PostmanRuntime/7.49.1"
::1 - - [22/Nov/2025:14:46:40 +0000] "POST /api/logger/get HTTP/1.1" 201 1013 "-" "PostmanRuntime/7.49.1"
::ffff:127.0.0.1 - - [22/Nov/2025:14:46:43 +0000] "GET /favicon.ico HTTP/1.1" 404 150 "https://vn27f5xd-5000.euw.devtunnels.ms/api/logger/log/6921cbd32ba2a6190bcf13286921cbd32ba2a6190bcf1328" "Mozilla/5.0 (Linux; Android 10; K) AppleWebKit/537.36 (KHTML, like Gecko) Chrome/142.0.0.0 Mobile Safari/537.36"
::ffff:127.0.0.1 - - [22/Nov/2025:14:46:44 +0000] "GET /api/logger/log/6921cbd32ba2a6190bcf13286921cbd32ba2a6190bcf1328 HTTP/1.1" 500 21 "-" "Mozilla/5.0 (Linux; Android 10; K) AppleWebKit/537.36 (KHTML, like Gecko) Chrome/138.0.0.0 Mobile Safari/537.36 (compatible; Google-Read-Aloud; +https://support.google.com/webmasters/answer/1061943)"
::1 - - [22/Nov/2025:14:46:53 +0000] "POST /api/logger/get HTTP/1.1" 201 1013 "-" "PostmanRuntime/7.49.1"
::1 - - [22/Nov/2025:14:46:55 +0000] "POST /api/logger/get HTTP/1.1" 201 1013 "-" "PostmanRuntime/7.49.1"
::1 - - [22/Nov/2025:14:46:56 +0000] "POST /api/logger/get HTTP/1.1" 201 1013 "-" "PostmanRuntime/7.49.1"
::1 - - [22/Nov/2025:14:46:57 +0000] "POST /api/logger/get HTTP/1.1" 201 1013 "-" "PostmanRuntime/7.49.1"
::1 - - [22/Nov/2025:14:46:58 +0000] "POST /api/logger/get HTTP/1.1" 201 1013 "-" "PostmanRuntime/7.49.1"
::1 - - [22/Nov/2025:14:46:58 +0000] "POST /api/logger/get HTTP/1.1" 201 1013 "-" "PostmanRuntime/7.49.1"
::1 - - [22/Nov/2025:14:46:59 +0000] "POST /api/logger/get HTTP/1.1" 201 1013 "-" "PostmanRuntime/7.49.1"
::ffff:127.0.0.1 - - [22/Nov/2025:14:47:00 +0000] "GET /api/logger/log/6921cbd32ba2a6190bcf13286921cbd32ba2a6190bcf1328 HTTP/1.1" 500 21 "https://vn27f5xd-5000.euw.devtunnels.ms/api/logger/log/6921cbd32ba2a6190bcf13286921cbd32ba2a6190bcf1328" "Mozilla/5.0 (Linux; Android 10; K) AppleWebKit/537.36 (KHTML, like Gecko) Chrome/142.0.0.0 Mobile Safari/537.36"
::1 - - [22/Nov/2025:14:47:00 +0000] "POST /api/logger/get HTTP/1.1" 201 1013 "-" "PostmanRuntime/7.49.1"
::1 - - [22/Nov/2025:14:47:02 +0000] "POST /api/logger/get HTTP/1.1" 201 1013 "-" "PostmanRuntime/7.49.1"
::ffff:127.0.0.1 - - [22/Nov/2025:14:47:10 +0000] "GET /api/logger/log/6921cbd32ba2a6190bcf13286921cbd32ba2a6190bcf1328 HTTP/1.1" 500 21 "https://vn27f5xd-5000.euw.devtunnels.ms/api/logger/log/6921cbd32ba2a6190bcf13286921cbd32ba2a6190bcf1328" "Mozilla/5.0 (Linux; Android 10; K) AppleWebKit/537.36 (KHTML, like Gecko) Chrome/142.0.0.0 Mobile Safari/537.36"
::ffff:127.0.0.1 - - [22/Nov/2025:14:47:19 +0000] "GET /api/logger/log/6921cbd32ba2a6190bcf13286921cbd32ba2a6190bcf1328 HTTP/1.1" 500 21 "-" "Mozilla/5.0 (Windows NT 10.0; Win64; x64) AppleWebKit/537.36 (KHTML, like Gecko) Chrome/142.0.0.0 Safari/537.36"
::ffff:127.0.0.1 - - [22/Nov/2025:14:47:19 +0000] "GET /favicon.ico HTTP/1.1" 404 150 "https://vn27f5xd-5000.euw.devtunnels.ms/api/logger/log/6921cbd32ba2a6190bcf13286921cbd32ba2a6190bcf1328" "Mozilla/5.0 (Windows NT 10.0; Win64; x64) AppleWebKit/537.36 (KHTML, like Gecko) Chrome/142.0.0.0 Safari/537.36"
::ffff:127.0.0.1 - - [22/Nov/2025:14:47:35 +0000] "GET /api/logger/log/6921cbd32ba2a6190bcf13286921cbd32ba2a6190bcf1328 HTTP/1.1" 500 21 "-" "Mozilla/5.0 (Windows NT 10.0; Win64; x64) AppleWebKit/537.36 (KHTML, like Gecko) Chrome/142.0.0.0 Safari/537.36"
::ffff:127.0.0.1 - - [22/Nov/2025:14:47:48 +0000] "GET /api/logger/log/6921c8689700c64bd68e0bd4 HTTP/1.1" 302 54 "-" "Mozilla/5.0 (Windows NT 10.0; Win64; x64) AppleWebKit/537.36 (KHTML, like Gecko) Chrome/142.0.0.0 Safari/537.36"
::ffff:127.0.0.1 - - [22/Nov/2025:14:48:10 +0000] "GET /api/logger/log/6921cbd32ba2a6190bcf1328 HTTP/1.1" 302 162 "-" "Mozilla/5.0 (Windows NT 10.0; Win64; x64) AppleWebKit/537.36 (KHTML, like Gecko) Chrome/142.0.0.0 Safari/537.36"
::ffff:127.0.0.1 - - [22/Nov/2025:14:48:12 +0000] "GET /api/logger/log/6921cbd32ba2a6190bcf1328 HTTP/1.1" 302 155 "-" "WhatsApp/2.2585.5 W"
::ffff:127.0.0.1 - - [22/Nov/2025:14:48:35 +0000] "GET /api/logger/log/6921cbd32ba2a6190bcf1328 HTTP/1.1" 302 162 "-" "Mozilla/5.0 (Linux; Android 10; K) AppleWebKit/537.36 (KHTML, like Gecko) Chrome/142.0.0.0 Mobile Safari/537.36"
::1 - - [22/Nov/2025:14:48:40 +0000] "POST /api/logger/get HTTP/1.1" 400 31 "-" "PostmanRuntime/7.49.1"
::1 - - [22/Nov/2025:14:48:46 +0000] "POST /api/logger/get HTTP/1.1" 201 2145 "-" "PostmanRuntime/7.49.1"
::1 - - [22/Nov/2025:14:49:12 +0000] "POST /api/logger/get HTTP/1.1" 201 2145 "-" "PostmanRuntime/7.49.1"
::ffff:127.0.0.1 - - [22/Nov/2025:14:53:24 +0000] "GET /api/logger/log/6921cbd32ba2a6190bcf13286921cbd32ba2a6190bcf1328 HTTP/1.1" 500 21 "-" "Mozilla/5.0 (Windows NT 10.0; Win64; x64) AppleWebKit/537.36 (KHTML, like Gecko) Chrome/142.0.0.0 Safari/537.36"
